Archive member included because of file (symbol)

c:/program files (x86)/gnu tools arm embedded/4.7 2012q4/bin/../lib/gcc/arm-none-eabi/4.7.3/armv6-m\libgcc.a(_udivsi3.o)
                              D:\gitHub\RCXProject\fw\legoRCX\obj\stm32f0xx_rcc.o (__aeabi_uidiv)
c:/program files (x86)/gnu tools arm embedded/4.7 2012q4/bin/../lib/gcc/arm-none-eabi/4.7.3/armv6-m\libgcc.a(_dvmd_tls.o)
                              c:/program files (x86)/gnu tools arm embedded/4.7 2012q4/bin/../lib/gcc/arm-none-eabi/4.7.3/armv6-m\libgcc.a(_udivsi3.o) (__aeabi_idiv0)

Allocating common symbols
Common symbol       size              file

GPIO_InitStructure  0x8               D:\gitHub\RCXProject\fw\legoRCX\obj\IOToggle.o

Discarded input sections

 .text          0x00000000        0x0 D:\gitHub\RCXProject\fw\legoRCX\obj\stm32f0xx_rcc.o
 .data          0x00000000       0x10 D:\gitHub\RCXProject\fw\legoRCX\obj\stm32f0xx_rcc.o
 .bss           0x00000000        0x0 D:\gitHub\RCXProject\fw\legoRCX\obj\stm32f0xx_rcc.o
 .text.RCC_DeInit
                0x00000000       0x88 D:\gitHub\RCXProject\fw\legoRCX\obj\stm32f0xx_rcc.o
 .text.RCC_HSEConfig
                0x00000000       0x24 D:\gitHub\RCXProject\fw\legoRCX\obj\stm32f0xx_rcc.o
 .text.RCC_WaitForHSEStartUp
                0x00000000       0x60 D:\gitHub\RCXProject\fw\legoRCX\obj\stm32f0xx_rcc.o
 .text.RCC_AdjustHSICalibrationValue
                0x00000000       0x3c D:\gitHub\RCXProject\fw\legoRCX\obj\stm32f0xx_rcc.o
 .text.RCC_HSICmd
                0x00000000       0x38 D:\gitHub\RCXProject\fw\legoRCX\obj\stm32f0xx_rcc.o
 .text.RCC_AdjustHSI14CalibrationValue
                0x00000000       0x3c D:\gitHub\RCXProject\fw\legoRCX\obj\stm32f0xx_rcc.o
 .text.RCC_HSI14Cmd
                0x00000000       0x38 D:\gitHub\RCXProject\fw\legoRCX\obj\stm32f0xx_rcc.o
 .text.RCC_HSI14ADCRequestCmd
                0x00000000       0x38 D:\gitHub\RCXProject\fw\legoRCX\obj\stm32f0xx_rcc.o
 .text.RCC_LSEConfig
                0x00000000       0x38 D:\gitHub\RCXProject\fw\legoRCX\obj\stm32f0xx_rcc.o
 .text.RCC_LSEDriveConfig
                0x00000000       0x2c D:\gitHub\RCXProject\fw\legoRCX\obj\stm32f0xx_rcc.o
 .text.RCC_LSICmd
                0x00000000       0x38 D:\gitHub\RCXProject\fw\legoRCX\obj\stm32f0xx_rcc.o
 .text.RCC_PLLConfig
                0x00000000       0x34 D:\gitHub\RCXProject\fw\legoRCX\obj\stm32f0xx_rcc.o
 .text.RCC_PLLCmd
                0x00000000       0x40 D:\gitHub\RCXProject\fw\legoRCX\obj\stm32f0xx_rcc.o
 .text.RCC_PREDIV1Config
                0x00000000       0x34 D:\gitHub\RCXProject\fw\legoRCX\obj\stm32f0xx_rcc.o
 .text.RCC_ClockSecuritySystemCmd
                0x00000000       0x40 D:\gitHub\RCXProject\fw\legoRCX\obj\stm32f0xx_rcc.o
 .text.RCC_MCOConfig
                0x00000000       0x20 D:\gitHub\RCXProject\fw\legoRCX\obj\stm32f0xx_rcc.o
 .text.RCC_SYSCLKConfig
                0x00000000       0x34 D:\gitHub\RCXProject\fw\legoRCX\obj\stm32f0xx_rcc.o
 .text.RCC_GetSYSCLKSource
                0x00000000       0x1c D:\gitHub\RCXProject\fw\legoRCX\obj\stm32f0xx_rcc.o
 .text.RCC_HCLKConfig
                0x00000000       0x34 D:\gitHub\RCXProject\fw\legoRCX\obj\stm32f0xx_rcc.o
 .text.RCC_PCLKConfig
                0x00000000       0x38 D:\gitHub\RCXProject\fw\legoRCX\obj\stm32f0xx_rcc.o
 .text.RCC_ADCCLKConfig
                0x00000000       0x50 D:\gitHub\RCXProject\fw\legoRCX\obj\stm32f0xx_rcc.o
 .text.RCC_CECCLKConfig
                0x00000000       0x2c D:\gitHub\RCXProject\fw\legoRCX\obj\stm32f0xx_rcc.o
 .text.RCC_I2CCLKConfig
                0x00000000       0x2c D:\gitHub\RCXProject\fw\legoRCX\obj\stm32f0xx_rcc.o
 .text.RCC_USARTCLKConfig
                0x00000000       0x2c D:\gitHub\RCXProject\fw\legoRCX\obj\stm32f0xx_rcc.o
 .text.RCC_GetClocksFreq
                0x00000000      0x1cc D:\gitHub\RCXProject\fw\legoRCX\obj\stm32f0xx_rcc.o
 .text.RCC_RTCCLKConfig
                0x00000000       0x20 D:\gitHub\RCXProject\fw\legoRCX\obj\stm32f0xx_rcc.o
 .text.RCC_RTCCLKCmd
                0x00000000       0x40 D:\gitHub\RCXProject\fw\legoRCX\obj\stm32f0xx_rcc.o
 .text.RCC_BackupResetCmd
                0x00000000       0x40 D:\gitHub\RCXProject\fw\legoRCX\obj\stm32f0xx_rcc.o
 .text.RCC_APB2PeriphClockCmd
                0x00000000       0x3c D:\gitHub\RCXProject\fw\legoRCX\obj\stm32f0xx_rcc.o
 .text.RCC_APB1PeriphClockCmd
                0x00000000       0x3c D:\gitHub\RCXProject\fw\legoRCX\obj\stm32f0xx_rcc.o
 .text.RCC_AHBPeriphResetCmd
                0x00000000       0x3c D:\gitHub\RCXProject\fw\legoRCX\obj\stm32f0xx_rcc.o
 .text.RCC_APB2PeriphResetCmd
                0x00000000       0x3c D:\gitHub\RCXProject\fw\legoRCX\obj\stm32f0xx_rcc.o
 .text.RCC_APB1PeriphResetCmd
                0x00000000       0x3c D:\gitHub\RCXProject\fw\legoRCX\obj\stm32f0xx_rcc.o
 .text.RCC_ITConfig
                0x00000000       0x50 D:\gitHub\RCXProject\fw\legoRCX\obj\stm32f0xx_rcc.o
 .text.RCC_GetFlagStatus
                0x00000000       0x90 D:\gitHub\RCXProject\fw\legoRCX\obj\stm32f0xx_rcc.o
 .text.RCC_ClearFlag
                0x00000000       0x1c D:\gitHub\RCXProject\fw\legoRCX\obj\stm32f0xx_rcc.o
 .text.RCC_GetITStatus
                0x00000000       0x44 D:\gitHub\RCXProject\fw\legoRCX\obj\stm32f0xx_rcc.o
 .text.RCC_ClearITPendingBit
                0x00000000       0x20 D:\gitHub\RCXProject\fw\legoRCX\obj\stm32f0xx_rcc.o
 .text          0x00000000        0x0 D:\gitHub\RCXProject\fw\legoRCX\obj\main.o
 .data          0x00000000        0x0 D:\gitHub\RCXProject\fw\legoRCX\obj\main.o
 .bss           0x00000000        0x0 D:\gitHub\RCXProject\fw\legoRCX\obj\main.o
 .text          0x00000000       0x14 D:\gitHub\RCXProject\fw\legoRCX\obj\startup_stm32f0xx.o
 .data          0x00000000        0x0 D:\gitHub\RCXProject\fw\legoRCX\obj\startup_stm32f0xx.o
 .bss           0x00000000        0x0 D:\gitHub\RCXProject\fw\legoRCX\obj\startup_stm32f0xx.o
 .text          0x00000000        0x0 D:\gitHub\RCXProject\fw\legoRCX\obj\stm32f0xx_gpio.o
 .data          0x00000000        0x0 D:\gitHub\RCXProject\fw\legoRCX\obj\stm32f0xx_gpio.o
 .bss           0x00000000        0x0 D:\gitHub\RCXProject\fw\legoRCX\obj\stm32f0xx_gpio.o
 .text.GPIO_DeInit
                0x00000000       0xc8 D:\gitHub\RCXProject\fw\legoRCX\obj\stm32f0xx_gpio.o
 .text.GPIO_StructInit
                0x00000000       0x30 D:\gitHub\RCXProject\fw\legoRCX\obj\stm32f0xx_gpio.o
 .text.GPIO_PinLockConfig
                0x00000000       0x44 D:\gitHub\RCXProject\fw\legoRCX\obj\stm32f0xx_gpio.o
 .text.GPIO_ReadInputDataBit
                0x00000000       0x48 D:\gitHub\RCXProject\fw\legoRCX\obj\stm32f0xx_gpio.o
 .text.GPIO_ReadInputData
                0x00000000       0x18 D:\gitHub\RCXProject\fw\legoRCX\obj\stm32f0xx_gpio.o
 .text.GPIO_ReadOutputDataBit
                0x00000000       0x48 D:\gitHub\RCXProject\fw\legoRCX\obj\stm32f0xx_gpio.o
 .text.GPIO_ReadOutputData
                0x00000000       0x18 D:\gitHub\RCXProject\fw\legoRCX\obj\stm32f0xx_gpio.o
 .text.GPIO_SetBits
                0x00000000       0x1c D:\gitHub\RCXProject\fw\legoRCX\obj\stm32f0xx_gpio.o
 .text.GPIO_ResetBits
                0x00000000       0x1c D:\gitHub\RCXProject\fw\legoRCX\obj\stm32f0xx_gpio.o
 .text.GPIO_WriteBit
                0x00000000       0x30 D:\gitHub\RCXProject\fw\legoRCX\obj\stm32f0xx_gpio.o
 .text.GPIO_Write
                0x00000000       0x1c D:\gitHub\RCXProject\fw\legoRCX\obj\stm32f0xx_gpio.o
 .text.GPIO_PinAFConfig
                0x00000000       0x9c D:\gitHub\RCXProject\fw\legoRCX\obj\stm32f0xx_gpio.o
 .text          0x00000000        0x0 D:\gitHub\RCXProject\fw\legoRCX\obj\stm32f0xx_usart.o
 .data          0x00000000        0x0 D:\gitHub\RCXProject\fw\legoRCX\obj\stm32f0xx_usart.o
 .bss           0x00000000        0x0 D:\gitHub\RCXProject\fw\legoRCX\obj\stm32f0xx_usart.o
 .text.USART_DeInit
                0x00000000       0x58 D:\gitHub\RCXProject\fw\legoRCX\obj\stm32f0xx_usart.o
 .text.USART_Init
                0x00000000      0x160 D:\gitHub\RCXProject\fw\legoRCX\obj\stm32f0xx_usart.o
 .text.USART_StructInit
                0x00000000       0x34 D:\gitHub\RCXProject\fw\legoRCX\obj\stm32f0xx_usart.o
 .text.USART_ClockInit
                0x00000000       0x48 D:\gitHub\RCXProject\fw\legoRCX\obj\stm32f0xx_usart.o
 .text.USART_ClockStructInit
                0x00000000       0x28 D:\gitHub\RCXProject\fw\legoRCX\obj\stm32f0xx_usart.o
 .text.USART_Cmd
                0x00000000       0x3c D:\gitHub\RCXProject\fw\legoRCX\obj\stm32f0xx_usart.o
 .text.USART_DirectionModeCmd
                0x00000000       0x38 D:\gitHub\RCXProject\fw\legoRCX\obj\stm32f0xx_usart.o
 .text.USART_OverSampling8Cmd
                0x00000000       0x3c D:\gitHub\RCXProject\fw\legoRCX\obj\stm32f0xx_usart.o
 .text.USART_OneBitMethodCmd
                0x00000000       0x3c D:\gitHub\RCXProject\fw\legoRCX\obj\stm32f0xx_usart.o
 .text.USART_MSBFirstCmd
                0x00000000       0x3c D:\gitHub\RCXProject\fw\legoRCX\obj\stm32f0xx_usart.o
 .text.USART_DataInvCmd
                0x00000000       0x3c D:\gitHub\RCXProject\fw\legoRCX\obj\stm32f0xx_usart.o
 .text.USART_InvPinCmd
                0x00000000       0x38 D:\gitHub\RCXProject\fw\legoRCX\obj\stm32f0xx_usart.o
 .text.USART_SWAPPinCmd
                0x00000000       0x3c D:\gitHub\RCXProject\fw\legoRCX\obj\stm32f0xx_usart.o
 .text.USART_ReceiverTimeOutCmd
                0x00000000       0x3c D:\gitHub\RCXProject\fw\legoRCX\obj\stm32f0xx_usart.o
 .text.USART_SetReceiverTimeOut
                0x00000000       0x28 D:\gitHub\RCXProject\fw\legoRCX\obj\stm32f0xx_usart.o
 .text.USART_SetPrescaler
                0x00000000       0x38 D:\gitHub\RCXProject\fw\legoRCX\obj\stm32f0xx_usart.o
 .text.USART_STOPModeCmd
                0x00000000       0x3c D:\gitHub\RCXProject\fw\legoRCX\obj\stm32f0xx_usart.o
 .text.USART_StopModeWakeUpSourceConfig
                0x00000000       0x2c D:\gitHub\RCXProject\fw\legoRCX\obj\stm32f0xx_usart.o
 .text.USART_AutoBaudRateCmd
                0x00000000       0x3c D:\gitHub\RCXProject\fw\legoRCX\obj\stm32f0xx_usart.o
 .text.USART_AutoBaudRateConfig
                0x00000000       0x2c D:\gitHub\RCXProject\fw\legoRCX\obj\stm32f0xx_usart.o
 .text.USART_SendData
                0x00000000       0x24 D:\gitHub\RCXProject\fw\legoRCX\obj\stm32f0xx_usart.o
 .text.USART_ReceiveData
                0x00000000       0x1c D:\gitHub\RCXProject\fw\legoRCX\obj\stm32f0xx_usart.o
 .text.USART_SetAddress
                0x00000000       0x30 D:\gitHub\RCXProject\fw\legoRCX\obj\stm32f0xx_usart.o
 .text.USART_MuteModeCmd
                0x00000000       0x3c D:\gitHub\RCXProject\fw\legoRCX\obj\stm32f0xx_usart.o
 .text.USART_MuteModeWakeUpConfig
                0x00000000       0x2c D:\gitHub\RCXProject\fw\legoRCX\obj\stm32f0xx_usart.o
 .text.USART_AddressDetectionConfig
                0x00000000       0x2c D:\gitHub\RCXProject\fw\legoRCX\obj\stm32f0xx_usart.o
 .text.USART_LINBreakDetectLengthConfig
                0x00000000       0x2c D:\gitHub\RCXProject\fw\legoRCX\obj\stm32f0xx_usart.o
 .text.USART_LINCmd
                0x00000000       0x3c D:\gitHub\RCXProject\fw\legoRCX\obj\stm32f0xx_usart.o
 .text.USART_HalfDuplexCmd
                0x00000000       0x3c D:\gitHub\RCXProject\fw\legoRCX\obj\stm32f0xx_usart.o
 .text.USART_SetGuardTime
                0x00000000       0x3c D:\gitHub\RCXProject\fw\legoRCX\obj\stm32f0xx_usart.o
 .text.USART_SmartCardCmd
                0x00000000       0x3c D:\gitHub\RCXProject\fw\legoRCX\obj\stm32f0xx_usart.o
 .text.USART_SmartCardNACKCmd
                0x00000000       0x3c D:\gitHub\RCXProject\fw\legoRCX\obj\stm32f0xx_usart.o
 .text.USART_SetAutoRetryCount
                0x00000000       0x34 D:\gitHub\RCXProject\fw\legoRCX\obj\stm32f0xx_usart.o
 .text.USART_SetBlockLength
                0x00000000       0x30 D:\gitHub\RCXProject\fw\legoRCX\obj\stm32f0xx_usart.o
 .text.USART_IrDAConfig
                0x00000000       0x2c D:\gitHub\RCXProject\fw\legoRCX\obj\stm32f0xx_usart.o
 .text.USART_IrDACmd
                0x00000000       0x3c D:\gitHub\RCXProject\fw\legoRCX\obj\stm32f0xx_usart.o
 .text.USART_DECmd
                0x00000000       0x3c D:\gitHub\RCXProject\fw\legoRCX\obj\stm32f0xx_usart.o
 .text.USART_DEPolarityConfig
                0x00000000       0x2c D:\gitHub\RCXProject\fw\legoRCX\obj\stm32f0xx_usart.o
 .text.USART_SetDEAssertionTime
                0x00000000       0x30 D:\gitHub\RCXProject\fw\legoRCX\obj\stm32f0xx_usart.o
 .text.USART_SetDEDeassertionTime
                0x00000000       0x30 D:\gitHub\RCXProject\fw\legoRCX\obj\stm32f0xx_usart.o
 .text.USART_DMACmd
                0x00000000       0x38 D:\gitHub\RCXProject\fw\legoRCX\obj\stm32f0xx_usart.o
 .text.USART_DMAReceptionErrorConfig
                0x00000000       0x2c D:\gitHub\RCXProject\fw\legoRCX\obj\stm32f0xx_usart.o
 .text.USART_ITConfig
                0x00000000       0x84 D:\gitHub\RCXProject\fw\legoRCX\obj\stm32f0xx_usart.o
 .text.USART_RequestCmd
                0x00000000       0x48 D:\gitHub\RCXProject\fw\legoRCX\obj\stm32f0xx_usart.o
 .text.USART_OverrunDetectionConfig
                0x00000000       0x2c D:\gitHub\RCXProject\fw\legoRCX\obj\stm32f0xx_usart.o
 .text.USART_GetFlagStatus
                0x00000000       0x3c D:\gitHub\RCXProject\fw\legoRCX\obj\stm32f0xx_usart.o
 .text.USART_ClearFlag
                0x00000000       0x18 D:\gitHub\RCXProject\fw\legoRCX\obj\stm32f0xx_usart.o
 .text.USART_GetITStatus
                0x00000000       0xb4 D:\gitHub\RCXProject\fw\legoRCX\obj\stm32f0xx_usart.o
 .text.USART_ClearITPendingBit
                0x00000000       0x30 D:\gitHub\RCXProject\fw\legoRCX\obj\stm32f0xx_usart.o
 .debug_info    0x00000000      0xf43 D:\gitHub\RCXProject\fw\legoRCX\obj\stm32f0xx_usart.o
 .debug_abbrev  0x00000000      0x15e D:\gitHub\RCXProject\fw\legoRCX\obj\stm32f0xx_usart.o
 .debug_loc     0x00000000      0xab8 D:\gitHub\RCXProject\fw\legoRCX\obj\stm32f0xx_usart.o
 .debug_aranges
                0x00000000      0x1a0 D:\gitHub\RCXProject\fw\legoRCX\obj\stm32f0xx_usart.o
 .debug_ranges  0x00000000      0x190 D:\gitHub\RCXProject\fw\legoRCX\obj\stm32f0xx_usart.o
 .debug_line    0x00000000      0x580 D:\gitHub\RCXProject\fw\legoRCX\obj\stm32f0xx_usart.o
 .debug_str     0x00000000      0x8f1 D:\gitHub\RCXProject\fw\legoRCX\obj\stm32f0xx_usart.o
 .comment       0x00000000       0x71 D:\gitHub\RCXProject\fw\legoRCX\obj\stm32f0xx_usart.o
 .ARM.attributes
                0x00000000       0x31 D:\gitHub\RCXProject\fw\legoRCX\obj\stm32f0xx_usart.o
 .debug_frame   0x00000000      0x630 D:\gitHub\RCXProject\fw\legoRCX\obj\stm32f0xx_usart.o
 .text          0x00000000        0x0 D:\gitHub\RCXProject\fw\legoRCX\obj\system_stm32f0xx.o
 .data          0x00000000       0x14 D:\gitHub\RCXProject\fw\legoRCX\obj\system_stm32f0xx.o
 .bss           0x00000000        0x0 D:\gitHub\RCXProject\fw\legoRCX\obj\system_stm32f0xx.o
 .text.SystemCoreClockUpdate
                0x00000000       0xd0 D:\gitHub\RCXProject\fw\legoRCX\obj\system_stm32f0xx.o
 .text          0x00000000        0x0 D:\gitHub\RCXProject\fw\legoRCX\obj\stm32f0xx_pwr.o
 .data          0x00000000        0x0 D:\gitHub\RCXProject\fw\legoRCX\obj\stm32f0xx_pwr.o
 .bss           0x00000000        0x0 D:\gitHub\RCXProject\fw\legoRCX\obj\stm32f0xx_pwr.o
 .text.__WFI    0x00000000        0xc D:\gitHub\RCXProject\fw\legoRCX\obj\stm32f0xx_pwr.o
 .text.__WFE    0x00000000        0xc D:\gitHub\RCXProject\fw\legoRCX\obj\stm32f0xx_pwr.o
 .text.PWR_DeInit
                0x00000000       0x20 D:\gitHub\RCXProject\fw\legoRCX\obj\stm32f0xx_pwr.o
 .text.PWR_BackupAccessCmd
                0x00000000       0x40 D:\gitHub\RCXProject\fw\legoRCX\obj\stm32f0xx_pwr.o
 .text.PWR_PVDLevelConfig
                0x00000000       0x34 D:\gitHub\RCXProject\fw\legoRCX\obj\stm32f0xx_pwr.o
 .text.PWR_PVDCmd
                0x00000000       0x38 D:\gitHub\RCXProject\fw\legoRCX\obj\stm32f0xx_pwr.o
 .text.PWR_WakeUpPinCmd
                0x00000000       0x3c D:\gitHub\RCXProject\fw\legoRCX\obj\stm32f0xx_pwr.o
 .text.PWR_EnterSleepMode
                0x00000000       0x34 D:\gitHub\RCXProject\fw\legoRCX\obj\stm32f0xx_pwr.o
 .text.PWR_EnterSTOPMode
                0x00000000       0x68 D:\gitHub\RCXProject\fw\legoRCX\obj\stm32f0xx_pwr.o
 .text.PWR_EnterSTANDBYMode
                0x00000000       0x38 D:\gitHub\RCXProject\fw\legoRCX\obj\stm32f0xx_pwr.o
 .text.PWR_GetFlagStatus
                0x00000000       0x40 D:\gitHub\RCXProject\fw\legoRCX\obj\stm32f0xx_pwr.o
 .text.PWR_ClearFlag
                0x00000000       0x20 D:\gitHub\RCXProject\fw\legoRCX\obj\stm32f0xx_pwr.o
 .debug_info    0x00000000      0x3c4 D:\gitHub\RCXProject\fw\legoRCX\obj\stm32f0xx_pwr.o
 .debug_abbrev  0x00000000      0x1b2 D:\gitHub\RCXProject\fw\legoRCX\obj\stm32f0xx_pwr.o
 .debug_loc     0x00000000      0x270 D:\gitHub\RCXProject\fw\legoRCX\obj\stm32f0xx_pwr.o
 .debug_aranges
                0x00000000       0x78 D:\gitHub\RCXProject\fw\legoRCX\obj\stm32f0xx_pwr.o
 .debug_ranges  0x00000000       0x68 D:\gitHub\RCXProject\fw\legoRCX\obj\stm32f0xx_pwr.o
 .debug_line    0x00000000      0x261 D:\gitHub\RCXProject\fw\legoRCX\obj\stm32f0xx_pwr.o
 .debug_str     0x00000000      0x2c8 D:\gitHub\RCXProject\fw\legoRCX\obj\stm32f0xx_pwr.o
 .comment       0x00000000       0x71 D:\gitHub\RCXProject\fw\legoRCX\obj\stm32f0xx_pwr.o
 .ARM.attributes
                0x00000000       0x31 D:\gitHub\RCXProject\fw\legoRCX\obj\stm32f0xx_pwr.o
 .debug_frame   0x00000000      0x180 D:\gitHub\RCXProject\fw\legoRCX\obj\stm32f0xx_pwr.o
 .text          0x00000000        0x0 D:\gitHub\RCXProject\fw\legoRCX\obj\core_cm0.o
 .data          0x00000000        0x0 D:\gitHub\RCXProject\fw\legoRCX\obj\core_cm0.o
 .bss           0x00000000        0x0 D:\gitHub\RCXProject\fw\legoRCX\obj\core_cm0.o
 .text.__get_PSP
                0x00000000       0x10 D:\gitHub\RCXProject\fw\legoRCX\obj\core_cm0.o
 .text.__set_PSP
                0x00000000        0x8 D:\gitHub\RCXProject\fw\legoRCX\obj\core_cm0.o
 .text.__get_MSP
                0x00000000       0x10 D:\gitHub\RCXProject\fw\legoRCX\obj\core_cm0.o
 .text.__set_MSP
                0x00000000        0x8 D:\gitHub\RCXProject\fw\legoRCX\obj\core_cm0.o
 .text.__get_PRIMASK
                0x00000000       0x1c D:\gitHub\RCXProject\fw\legoRCX\obj\core_cm0.o
 .text.__set_PRIMASK
                0x00000000       0x14 D:\gitHub\RCXProject\fw\legoRCX\obj\core_cm0.o
 .text.__get_CONTROL
                0x00000000       0x1c D:\gitHub\RCXProject\fw\legoRCX\obj\core_cm0.o
 .text.__set_CONTROL
                0x00000000       0x14 D:\gitHub\RCXProject\fw\legoRCX\obj\core_cm0.o
 .text.__REV    0x00000000       0x1c D:\gitHub\RCXProject\fw\legoRCX\obj\core_cm0.o
 .text.__REV16  0x00000000       0x24 D:\gitHub\RCXProject\fw\legoRCX\obj\core_cm0.o
 .text.__REVSH  0x00000000       0x24 D:\gitHub\RCXProject\fw\legoRCX\obj\core_cm0.o
 .debug_info    0x00000000      0x2ae D:\gitHub\RCXProject\fw\legoRCX\obj\core_cm0.o
 .debug_abbrev  0x00000000       0xdb D:\gitHub\RCXProject\fw\legoRCX\obj\core_cm0.o
 .debug_loc     0x00000000      0x188 D:\gitHub\RCXProject\fw\legoRCX\obj\core_cm0.o
 .debug_aranges
                0x00000000       0x70 D:\gitHub\RCXProject\fw\legoRCX\obj\core_cm0.o
 .debug_ranges  0x00000000       0x60 D:\gitHub\RCXProject\fw\legoRCX\obj\core_cm0.o
 .debug_line    0x00000000      0x1b8 D:\gitHub\RCXProject\fw\legoRCX\obj\core_cm0.o
 .debug_str     0x00000000      0x1d6 D:\gitHub\RCXProject\fw\legoRCX\obj\core_cm0.o
 .comment       0x00000000       0x71 D:\gitHub\RCXProject\fw\legoRCX\obj\core_cm0.o
 .ARM.attributes
                0x00000000       0x31 D:\gitHub\RCXProject\fw\legoRCX\obj\core_cm0.o
 .debug_frame   0x00000000      0x130 D:\gitHub\RCXProject\fw\legoRCX\obj\core_cm0.o
 .text          0x00000000        0x0 D:\gitHub\RCXProject\fw\legoRCX\obj\IOToggle.o
 .data          0x00000000        0x0 D:\gitHub\RCXProject\fw\legoRCX\obj\IOToggle.o
 .bss           0x00000000        0x0 D:\gitHub\RCXProject\fw\legoRCX\obj\IOToggle.o
 .text          0x00000000       0x9c c:/program files (x86)/gnu tools arm embedded/4.7 2012q4/bin/../lib/gcc/arm-none-eabi/4.7.3/armv6-m\libgcc.a(_udivsi3.o)
 .data          0x00000000        0x0 c:/program files (x86)/gnu tools arm embedded/4.7 2012q4/bin/../lib/gcc/arm-none-eabi/4.7.3/armv6-m\libgcc.a(_udivsi3.o)
 .bss           0x00000000        0x0 c:/program files (x86)/gnu tools arm embedded/4.7 2012q4/bin/../lib/gcc/arm-none-eabi/4.7.3/armv6-m\libgcc.a(_udivsi3.o)
 .debug_frame   0x00000000       0x20 c:/program files (x86)/gnu tools arm embedded/4.7 2012q4/bin/../lib/gcc/arm-none-eabi/4.7.3/armv6-m\libgcc.a(_udivsi3.o)
 .ARM.attributes
                0x00000000       0x1e c:/program files (x86)/gnu tools arm embedded/4.7 2012q4/bin/../lib/gcc/arm-none-eabi/4.7.3/armv6-m\libgcc.a(_udivsi3.o)
 .text          0x00000000        0x4 c:/program files (x86)/gnu tools arm embedded/4.7 2012q4/bin/../lib/gcc/arm-none-eabi/4.7.3/armv6-m\libgcc.a(_dvmd_tls.o)
 .data          0x00000000        0x0 c:/program files (x86)/gnu tools arm embedded/4.7 2012q4/bin/../lib/gcc/arm-none-eabi/4.7.3/armv6-m\libgcc.a(_dvmd_tls.o)
 .bss           0x00000000        0x0 c:/program files (x86)/gnu tools arm embedded/4.7 2012q4/bin/../lib/gcc/arm-none-eabi/4.7.3/armv6-m\libgcc.a(_dvmd_tls.o)
 .ARM.attributes
                0x00000000       0x1e c:/program files (x86)/gnu tools arm embedded/4.7 2012q4/bin/../lib/gcc/arm-none-eabi/4.7.3/armv6-m\libgcc.a(_dvmd_tls.o)

Memory Configuration

Name             Origin             Length             Attributes
rom              0x00000000         0x00008000         xr
ram              0x20000000         0x00001000         xrw
*default*        0x00000000         0xffffffff

Linker script and memory map

                0x20001000                _eram = 0x20001000

.text           0x00000000      0x47c
 *(.isr_vector .isr_vector.*)
 .isr_vector    0x00000000       0xc4 D:\gitHub\RCXProject\fw\legoRCX\obj\startup_stm32f0xx.o
                0x00000000                g_pfnVectors
 *(.text .text.* .gnu.linkonce.t.*)
 .text.RCC_AHBPeriphClockCmd
                0x000000c4       0x3c D:\gitHub\RCXProject\fw\legoRCX\obj\stm32f0xx_rcc.o
                0x000000c4                RCC_AHBPeriphClockCmd
 .text.main     0x00000100        0xc D:\gitHub\RCXProject\fw\legoRCX\obj\main.o
                0x00000100                main
 .text.Reset_Handler
                0x0000010c       0x44 D:\gitHub\RCXProject\fw\legoRCX\obj\startup_stm32f0xx.o
                0x0000010c                Reset_Handler
 .text.Default_Handler
                0x00000150        0x2 D:\gitHub\RCXProject\fw\legoRCX\obj\startup_stm32f0xx.o
                0x00000150                TIM1_CC_IRQHandler
                0x00000150                HardFault_Handler
                0x00000150                ADC1_COMP_IRQHandler
                0x00000150                SysTick_Handler
                0x00000150                PVD_IRQHandler
                0x00000150                PendSV_Handler
                0x00000150                NMI_Handler
                0x00000150                I2C1_IRQHandler
                0x00000150                SPI1_IRQHandler
                0x00000150                TIM6_DAC_IRQHandler
                0x00000150                EXTI2_3_IRQHandler
                0x00000150                I2C2_IRQHandler
                0x00000150                TIM17_IRQHandler
                0x00000150                RTC_IRQHandler
                0x00000150                TIM16_IRQHandler
                0x00000150                TIM3_IRQHandler
                0x00000150                EXTI4_15_IRQHandler
                0x00000150                RCC_IRQHandler
                0x00000150                DMA1_Channel1_IRQHandler
                0x00000150                Default_Handler
                0x00000150                CEC_IRQHandler
                0x00000150                TIM14_IRQHandler
                0x00000150                DMA1_Channel4_5_IRQHandler
                0x00000150                TIM15_IRQHandler
                0x00000150                EXTI0_1_IRQHandler
                0x00000150                SPI2_IRQHandler
                0x00000150                SVC_Handler
                0x00000150                TS_IRQHandler
                0x00000150                WWDG_IRQHandler
                0x00000150                TIM2_IRQHandler
                0x00000150                DMA1_Channel2_3_IRQHandler
                0x00000150                USART2_IRQHandler
                0x00000150                FLASH_IRQHandler
                0x00000150                USART1_IRQHandler
                0x00000150                TIM1_BRK_UP_TRG_COM_IRQHandler
 *fill*         0x00000152        0x2 00
 .text.GPIO_Init
                0x00000154      0x138 D:\gitHub\RCXProject\fw\legoRCX\obj\stm32f0xx_gpio.o
                0x00000154                GPIO_Init
 .text.SystemInit
                0x0000028c       0x8c D:\gitHub\RCXProject\fw\legoRCX\obj\system_stm32f0xx.o
                0x0000028c                SystemInit
 .text.SetSysClock
                0x00000318       0xe0 D:\gitHub\RCXProject\fw\legoRCX\obj\system_stm32f0xx.o
 .text.IOToggle
                0x000003f8       0x84 D:\gitHub\RCXProject\fw\legoRCX\obj\IOToggle.o
                0x000003f8                IOToggle
 *(.glue_7t)
 .glue_7t       0x00000000        0x0 linker stubs
 *(.glue_7)
 .glue_7        0x00000000        0x0 linker stubs
 *(.rodata .rodata* .gnu.linkonce.r.*)

.vfp11_veneer   0x0000047c        0x0
 .vfp11_veneer  0x00000000        0x0 linker stubs

.v4_bx          0x0000047c        0x0
 .v4_bx         0x00000000        0x0 linker stubs

.iplt           0x0000047c        0x0
 .iplt          0x00000000        0x0 D:\gitHub\RCXProject\fw\legoRCX\obj\stm32f0xx_rcc.o

.rel.dyn        0x0000047c        0x0
 .rel.iplt      0x00000000        0x0 D:\gitHub\RCXProject\fw\legoRCX\obj\stm32f0xx_rcc.o

.ARM.extab
 *(.ARM.extab* .gnu.linkonce.armextab.*)
                0x0000047c                __exidx_start = .

.ARM.exidx
 *(.ARM.exidx* .gnu.linkonce.armexidx.*)
                0x0000047c                __exidx_end = .
                0x0000047c                . = ALIGN (0x4)
                0x0000047c                _etext = .
                0x0000047c                _sidata = .

.data           0x20000000        0x0 load address 0x0000047c
                0x20000000                _sdata = .
 *(.data .data.*)
                0x20000000                . = ALIGN (0x4)
                0x20000000                _edata = .

.igot.plt       0x20000000        0x0
 .igot.plt      0x00000000        0x0 D:\gitHub\RCXProject\fw\legoRCX\obj\stm32f0xx_rcc.o

.bss            0x20000000        0x8
                0x20000000                _sbss = .
 *(.bss .bss.*)
 *(COMMON)
 COMMON         0x20000000        0x8 D:\gitHub\RCXProject\fw\legoRCX\obj\IOToggle.o
                0x20000000                GPIO_InitStructure
                0x20000008                . = ALIGN (0x4)
                0x20000008                _ebss = .

.co_stack       0x20000008        0x0
                0x20000008                . = ALIGN (0x8)
 *(.co_stack .co_stack.*)
                0x20000008                . = ALIGN (0x4)
                0x20000008                _end = .
LOAD D:\gitHub\RCXProject\fw\legoRCX\obj\stm32f0xx_rcc.o
LOAD D:\gitHub\RCXProject\fw\legoRCX\obj\main.o
LOAD D:\gitHub\RCXProject\fw\legoRCX\obj\startup_stm32f0xx.o
LOAD D:\gitHub\RCXProject\fw\legoRCX\obj\stm32f0xx_gpio.o
LOAD D:\gitHub\RCXProject\fw\legoRCX\obj\stm32f0xx_usart.o
LOAD D:\gitHub\RCXProject\fw\legoRCX\obj\system_stm32f0xx.o
LOAD D:\gitHub\RCXProject\fw\legoRCX\obj\stm32f0xx_pwr.o
LOAD D:\gitHub\RCXProject\fw\legoRCX\obj\core_cm0.o
LOAD D:\gitHub\RCXProject\fw\legoRCX\obj\IOToggle.o
START GROUP
LOAD c:/program files (x86)/gnu tools arm embedded/4.7 2012q4/bin/../lib/gcc/arm-none-eabi/4.7.3/armv6-m\libgcc.a
LOAD c:/program files (x86)/gnu tools arm embedded/4.7 2012q4/bin/../lib/gcc/arm-none-eabi/4.7.3/../../../../arm-none-eabi/lib/armv6-m\libg.a
LOAD c:/program files (x86)/gnu tools arm embedded/4.7 2012q4/bin/../lib/gcc/arm-none-eabi/4.7.3/../../../../arm-none-eabi/lib/armv6-m\libc.a
END GROUP
OUTPUT(D:\gitHub\RCXProject\fw\legoRCX\bin\legoRCX.elf elf32-littlearm)

.debug_info     0x00000000     0x1749
 .debug_info    0x00000000      0xa63 D:\gitHub\RCXProject\fw\legoRCX\obj\stm32f0xx_rcc.o
 .debug_info    0x00000a63       0x5b D:\gitHub\RCXProject\fw\legoRCX\obj\main.o
 .debug_info    0x00000abe       0x92 D:\gitHub\RCXProject\fw\legoRCX\obj\startup_stm32f0xx.o
 .debug_info    0x00000b50      0x618 D:\gitHub\RCXProject\fw\legoRCX\obj\stm32f0xx_gpio.o
 .debug_info    0x00001168      0x30f D:\gitHub\RCXProject\fw\legoRCX\obj\system_stm32f0xx.o
 .debug_info    0x00001477      0x2d2 D:\gitHub\RCXProject\fw\legoRCX\obj\IOToggle.o

.debug_abbrev   0x00000000      0x60b
 .debug_abbrev  0x00000000      0x1ee D:\gitHub\RCXProject\fw\legoRCX\obj\stm32f0xx_rcc.o
 .debug_abbrev  0x000001ee       0x51 D:\gitHub\RCXProject\fw\legoRCX\obj\main.o
 .debug_abbrev  0x0000023f       0x12 D:\gitHub\RCXProject\fw\legoRCX\obj\startup_stm32f0xx.o
 .debug_abbrev  0x00000251      0x190 D:\gitHub\RCXProject\fw\legoRCX\obj\stm32f0xx_gpio.o
 .debug_abbrev  0x000003e1      0x136 D:\gitHub\RCXProject\fw\legoRCX\obj\system_stm32f0xx.o
 .debug_abbrev  0x00000517       0xf4 D:\gitHub\RCXProject\fw\legoRCX\obj\IOToggle.o

.debug_loc      0x00000000      0xc3c
 .debug_loc     0x00000000      0x864 D:\gitHub\RCXProject\fw\legoRCX\obj\stm32f0xx_rcc.o
 .debug_loc     0x00000864       0x2c D:\gitHub\RCXProject\fw\legoRCX\obj\main.o
 .debug_loc     0x00000890      0x2d8 D:\gitHub\RCXProject\fw\legoRCX\obj\stm32f0xx_gpio.o
 .debug_loc     0x00000b68       0x9c D:\gitHub\RCXProject\fw\legoRCX\obj\system_stm32f0xx.o
 .debug_loc     0x00000c04       0x38 D:\gitHub\RCXProject\fw\legoRCX\obj\IOToggle.o

.debug_aranges  0x00000000      0x268
 .debug_aranges
                0x00000000      0x150 D:\gitHub\RCXProject\fw\legoRCX\obj\stm32f0xx_rcc.o
 .debug_aranges
                0x00000150       0x20 D:\gitHub\RCXProject\fw\legoRCX\obj\main.o
 .debug_aranges
                0x00000170       0x28 D:\gitHub\RCXProject\fw\legoRCX\obj\startup_stm32f0xx.o
 .debug_aranges
                0x00000198       0x80 D:\gitHub\RCXProject\fw\legoRCX\obj\stm32f0xx_gpio.o
 .debug_aranges
                0x00000218       0x30 D:\gitHub\RCXProject\fw\legoRCX\obj\system_stm32f0xx.o
 .debug_aranges
                0x00000248       0x20 D:\gitHub\RCXProject\fw\legoRCX\obj\IOToggle.o

.debug_ranges   0x00000000      0x210
 .debug_ranges  0x00000000      0x140 D:\gitHub\RCXProject\fw\legoRCX\obj\stm32f0xx_rcc.o
 .debug_ranges  0x00000140       0x10 D:\gitHub\RCXProject\fw\legoRCX\obj\main.o
 .debug_ranges  0x00000150       0x20 D:\gitHub\RCXProject\fw\legoRCX\obj\startup_stm32f0xx.o
 .debug_ranges  0x00000170       0x70 D:\gitHub\RCXProject\fw\legoRCX\obj\stm32f0xx_gpio.o
 .debug_ranges  0x000001e0       0x20 D:\gitHub\RCXProject\fw\legoRCX\obj\system_stm32f0xx.o
 .debug_ranges  0x00000200       0x10 D:\gitHub\RCXProject\fw\legoRCX\obj\IOToggle.o

.debug_line     0x00000000      0xb51
 .debug_line    0x00000000      0x4ba D:\gitHub\RCXProject\fw\legoRCX\obj\stm32f0xx_rcc.o
 .debug_line    0x000004ba       0x5a D:\gitHub\RCXProject\fw\legoRCX\obj\main.o
 .debug_line    0x00000514       0xa5 D:\gitHub\RCXProject\fw\legoRCX\obj\startup_stm32f0xx.o
 .debug_line    0x000005b9      0x295 D:\gitHub\RCXProject\fw\legoRCX\obj\stm32f0xx_gpio.o
 .debug_line    0x0000084e      0x175 D:\gitHub\RCXProject\fw\legoRCX\obj\system_stm32f0xx.o
 .debug_line    0x000009c3      0x18e D:\gitHub\RCXProject\fw\legoRCX\obj\IOToggle.o

.debug_str      0x00000000      0xa85
 .debug_str     0x00000000      0x644 D:\gitHub\RCXProject\fw\legoRCX\obj\stm32f0xx_rcc.o
                                0x6c3 (size before relaxing)
 .debug_str     0x00000644       0x35 D:\gitHub\RCXProject\fw\legoRCX\obj\main.o
                                 0x7e (size before relaxing)
 .debug_str     0x00000679      0x321 D:\gitHub\RCXProject\fw\legoRCX\obj\stm32f0xx_gpio.o
                                0x42a (size before relaxing)
 .debug_str     0x0000099a       0x9f D:\gitHub\RCXProject\fw\legoRCX\obj\system_stm32f0xx.o
                                0x234 (size before relaxing)
 .debug_str     0x00000a39       0x4c D:\gitHub\RCXProject\fw\legoRCX\obj\IOToggle.o
                                0x2e7 (size before relaxing)

.comment        0x00000000       0x70
 .comment       0x00000000       0x70 D:\gitHub\RCXProject\fw\legoRCX\obj\stm32f0xx_rcc.o
                                 0x71 (size before relaxing)
 .comment       0x00000000       0x71 D:\gitHub\RCXProject\fw\legoRCX\obj\main.o
 .comment       0x00000000       0x71 D:\gitHub\RCXProject\fw\legoRCX\obj\stm32f0xx_gpio.o
 .comment       0x00000000       0x71 D:\gitHub\RCXProject\fw\legoRCX\obj\system_stm32f0xx.o
 .comment       0x00000000       0x71 D:\gitHub\RCXProject\fw\legoRCX\obj\IOToggle.o

.ARM.attributes
                0x00000000       0x2f
 .ARM.attributes
                0x00000000       0x31 D:\gitHub\RCXProject\fw\legoRCX\obj\stm32f0xx_rcc.o
 .ARM.attributes
                0x00000031       0x31 D:\gitHub\RCXProject\fw\legoRCX\obj\main.o
 .ARM.attributes
                0x00000062       0x21 D:\gitHub\RCXProject\fw\legoRCX\obj\startup_stm32f0xx.o
 .ARM.attributes
                0x00000083       0x31 D:\gitHub\RCXProject\fw\legoRCX\obj\stm32f0xx_gpio.o
 .ARM.attributes
                0x000000b4       0x31 D:\gitHub\RCXProject\fw\legoRCX\obj\system_stm32f0xx.o
 .ARM.attributes
                0x000000e5       0x31 D:\gitHub\RCXProject\fw\legoRCX\obj\IOToggle.o

.debug_frame    0x00000000      0x75c
 .debug_frame   0x00000000      0x4e4 D:\gitHub\RCXProject\fw\legoRCX\obj\stm32f0xx_rcc.o
 .debug_frame   0x000004e4       0x2c D:\gitHub\RCXProject\fw\legoRCX\obj\main.o
 .debug_frame   0x00000510      0x1b0 D:\gitHub\RCXProject\fw\legoRCX\obj\stm32f0xx_gpio.o
 .debug_frame   0x000006c0       0x6c D:\gitHub\RCXProject\fw\legoRCX\obj\system_stm32f0xx.o
 .debug_frame   0x0000072c       0x30 D:\gitHub\RCXProject\fw\legoRCX\obj\IOToggle.o
